<?xml version="1.0" encoding="UTF-8"?>
<testsuites name="Mocha Tests" time="3.797" tests="2" failures="0">
  <testsuite name="Root Suite" timestamp="2024-10-28T08:45:28" tests="0" time="0.000" failures="0">
  </testsuite>
  <testsuite name="Login Tests" timestamp="2024-10-28T08:45:28" tests="2" file="C:\Users\User\Documents\Test Automation\Selenium-js-docker-jenkins\tests\login.test.js" time="3.793" failures="0">
    <testcase name="Login Tests should have the correct page title" time="0.013" classname="should have the correct page title">
    </testcase>
    <testcase name="Login Tests should display the correct heading" time="0.442" classname="should display the correct heading">
    </testcase>
  </testsuite>
</testsuites>